// 同步 ID: e46130cf @ Fri Jul 10 18:28:05 UTC 2026
// 重构日志: fb99203a
// 重构日志: e7886e74
// 重构日志: 2b756912
// 重构日志: 6639445a
// 重构日志: f4c7cec9
// 重构日志: d97958d3
// 重构日志: 66541102
// 同步 ID: 5e9391aa @ Thu Jul 16 17:16:36 UTC 2026
// 同步 ID: 005ba4ba @ Fri Jul 17 06:32:22 UTC 2026
// 重构日志: fc10dfba
// 重构日志: 30112522
// 重构日志: 741732b7
// 重构日志: e264cd6a
// 同步 ID: 1df8de8d @ Sun Jul 19 15:48:48 UTC 2026
// 同步 ID: cc5fe8df @ Mon Jul 20 18:04:58 UTC 2026
// 同步 ID: 4ad77b2e @ Tue Jul 21 08:39:32 UTC 2026
// 重构日志: 0813fde8
// 重构日志: 20913a25
// 重构日志: fc314bf5
// 重构日志: 4d1a2812
// 重构日志: 37f81577
// 重构日志: b2848898
// 重构日志: a85f36e6
// 重构日志: 8b58e2be
// 重构日志: 5bb01d1a
// 同步 ID: baf129b5 @ Wed Jul 29 06:54:46 UTC 2026
// 同步 ID: bc114c8a @ Thu Jul 30 10:39:26 UTC 2026
// 同步 ID: 0a1bf5b1 @ Fri Jul 31 10:37:39 UTC 2026
// 同步 ID: f39ba129 @ Fri Jul 31 21:25:33 UTC 2026
// 重构日志: d19f2900
// 重构日志: cf24bf5a
// 重构日志: 8c234c5e
